[INFO] Scanning for projects...
[INFO] 
[INFO] ------------------------< com.waad:tba-backend >------------------------
[INFO] Building TBA-WAAD Backend 1.0.0
[INFO]   from pom.xml
[INFO] --------------------------------[ jar ]---------------------------------
[INFO] 
[INFO] --- resources:3.3.1:resources (default-resources) @ tba-backend ---
[INFO] Copying 3 resources from src\main\resources to target\classes
[INFO] Copying 34 resources from src\main\resources to target\classes
[INFO] 
[INFO] --- compiler:3.13.0:compile (default-compile) @ tba-backend ---
[INFO] Recompiling the module because of changed source code.
[INFO] Compiling 639 source files with javac [debug deprecation parameters release 21] to target\classes
[INFO] -------------------------------------------------------------
[WARNING] COMPILATION WARNING : 
[INFO] -------------------------------------------------------------
[WARNING] /D:/Backend/waadTbaSystem2026-main_final/waadTbaSystem2026-main/backend/src/main/java/com/waad/tba/modules/admin/system/SystemAdminService.java:[29,19] com.waad.tba.modules.reviewer.repository.ReviewerCompanyRepository in com.waad.tba.modules.reviewer.repository has been deprecated
[WARNING] /D:/Backend/waadTbaSystem2026-main_final/waadTbaSystem2026-main/backend/src/main/java/com/waad/tba/modules/admin/system/SystemAdminService.java:[29,19] com.waad.tba.modules.reviewer.repository.ReviewerCompanyRepository in com.waad.tba.modules.reviewer.repository has been deprecated
[WARNING] /D:/Backend/waadTbaSystem2026-main_final/waadTbaSystem2026-main/backend/src/main/java/com/waad/tba/modules/admin/system/SystemAdminService.java:[29,19] com.waad.tba.modules.reviewer.repository.ReviewerCompanyRepository in com.waad.tba.modules.reviewer.repository has been deprecated
[WARNING] /D:/Backend/waadTbaSystem2026-main_final/waadTbaSystem2026-main/backend/src/main/java/com/waad/tba/modules/admin/system/SystemAdminService.java:[29,19] com.waad.tba.modules.reviewer.repository.ReviewerCompanyRepository in com.waad.tba.modules.reviewer.repository has been deprecated
[WARNING] /D:/Backend/waadTbaSystem2026-main_final/waadTbaSystem2026-main/backend/src/main/java/com/waad/tba/modules/admin/system/SystemAdminService.java:[29,19] com.waad.tba.modules.reviewer.repository.ReviewerCompanyRepository in com.waad.tba.modules.reviewer.repository has been deprecated
[WARNING] /D:/Backend/waadTbaSystem2026-main_final/waadTbaSystem2026-main/backend/src/main/java/com/waad/tba/modules/admin/system/SystemAdminService.java:[21,1] com.waad.tba.modules.reviewer.repository.ReviewerCompanyRepository in com.waad.tba.modules.reviewer.repository has been deprecated
[WARNING] /D:/Backend/waadTbaSystem2026-main_final/waadTbaSystem2026-main/backend/src/main/java/com/waad/tba/modules/admin/system/SystemAdminService.java:[21,1] com.waad.tba.modules.reviewer.repository.ReviewerCompanyRepository in com.waad.tba.modules.reviewer.repository has been deprecated
[WARNING] /D:/Backend/waadTbaSystem2026-main_final/waadTbaSystem2026-main/backend/src/main/java/com/waad/tba/modules/admin/system/SystemAdminService.java:[21,1] com.waad.tba.modules.reviewer.repository.ReviewerCompanyRepository in com.waad.tba.modules.reviewer.repository has been deprecated
[WARNING] /D:/Backend/waadTbaSystem2026-main_final/waadTbaSystem2026-main/backend/src/main/java/com/waad/tba/modules/admin/system/SystemAdminService.java:[21,1] com.waad.tba.modules.reviewer.repository.ReviewerCompanyRepository in com.waad.tba.modules.reviewer.repository has been deprecated
[WARNING] /D:/Backend/waadTbaSystem2026-main_final/waadTbaSystem2026-main/backend/src/main/java/com/waad/tba/modules/admin/system/SystemAdminService.java:[21,1] com.waad.tba.modules.reviewer.repository.ReviewerCompanyRepository in com.waad.tba.modules.reviewer.repository has been deprecated
[WARNING] /D:/Backend/waadTbaSystem2026-main_final/waadTbaSystem2026-main/backend/src/main/java/com/waad/tba/modules/claim/service/ClaimService.java:[336,16] getStatus() in com.waad.tba.modules.claim.dto.ClaimUpdateDto has been deprecated
[WARNING] /D:/Backend/waadTbaSystem2026-main_final/waadTbaSystem2026-main/backend/src/main/java/com/waad/tba/modules/claim/service/ClaimService.java:[336,43] getStatus() in com.waad.tba.modules.claim.dto.ClaimUpdateDto has been deprecated
[WARNING] /D:/Backend/waadTbaSystem2026-main_final/waadTbaSystem2026-main/backend/src/main/java/com/waad/tba/modules/claim/service/ClaimService.java:[339,20] getStatus() in com.waad.tba.modules.claim.dto.ClaimUpdateDto has been deprecated
[WARNING] /D:/Backend/waadTbaSystem2026-main_final/waadTbaSystem2026-main/backend/src/main/java/com/waad/tba/modules/claim/service/ClaimService.java:[348,20] getStatus() in com.waad.tba.modules.claim.dto.ClaimUpdateDto has been deprecated
[WARNING] /D:/Backend/waadTbaSystem2026-main_final/waadTbaSystem2026-main/backend/src/main/java/com/waad/tba/modules/claim/service/ClaimService.java:[355,52] getStatus() in com.waad.tba.modules.claim.dto.ClaimUpdateDto has been deprecated
[WARNING] /D:/Backend/waadTbaSystem2026-main_final/waadTbaSystem2026-main/backend/src/main/java/com/waad/tba/modules/claim/service/ClaimService.java:[1482,36] getStatus() in com.waad.tba.modules.claim.dto.ClaimUpdateDto has been deprecated
[WARNING] /D:/Backend/waadTbaSystem2026-main_final/waadTbaSystem2026-main/backend/src/main/java/com/waad/tba/modules/claim/service/ClaimService.java:[1482,62] getStatus() in com.waad.tba.modules.claim.dto.ClaimUpdateDto has been deprecated
[WARNING] /D:/Backend/waadTbaSystem2026-main_final/waadTbaSystem2026-main/backend/src/main/java/com/waad/tba/modules/claim/mapper/ClaimMapper.java:[272,16] getStatus() in com.waad.tba.modules.claim.dto.ClaimUpdateDto has been deprecated
[WARNING] /D:/Backend/waadTbaSystem2026-main_final/waadTbaSystem2026-main/backend/src/main/java/com/waad/tba/modules/claim/mapper/ClaimMapper.java:[272,57] getStatus() in com.waad.tba.modules.claim.dto.ClaimUpdateDto has been deprecated
[WARNING] /D:/Backend/waadTbaSystem2026-main_final/waadTbaSystem2026-main/backend/src/main/java/com/waad/tba/modules/claim/mapper/ClaimMapper.java:[292,16] getLines() in com.waad.tba.modules.claim.dto.ClaimUpdateDto has been deprecated
[WARNING] /D:/Backend/waadTbaSystem2026-main_final/waadTbaSystem2026-main/backend/src/main/java/com/waad/tba/modules/claim/mapper/ClaimMapper.java:[292,43] getLines() in com.waad.tba.modules.claim.dto.ClaimUpdateDto has been deprecated
[WARNING] /D:/Backend/waadTbaSystem2026-main_final/waadTbaSystem2026-main/backend/src/main/java/com/waad/tba/modules/claim/mapper/ClaimMapper.java:[322,17] diagnosis(java.lang.String) in com.waad.tba.modules.claim.dto.ClaimViewDto.ClaimViewDtoBuilder has been deprecated
[WARNING] /D:/Backend/waadTbaSystem2026-main_final/waadTbaSystem2026-main/backend/src/main/java/com/waad/tba/modules/providercontract/service/ProviderContractService.java:[489,17] totalValue(java.math.BigDecimal) in com.waad.tba.modules.providercontract.entity.ProviderContract.ProviderContractBuilder has been deprecated
[WARNING] /D:/Backend/waadTbaSystem2026-main_final/waadTbaSystem2026-main/backend/src/main/java/com/waad/tba/modules/providercontract/service/ProviderContractService.java:[563,21] setTotalValue(java.math.BigDecimal) in com.waad.tba.modules.providercontract.entity.ProviderContract has been deprecated
[WARNING] /D:/Backend/waadTbaSystem2026-main_final/waadTbaSystem2026-main/backend/src/main/java/com/waad/tba/modules/providercontract/dto/ProviderContractResponseDto.java:[110,35] getTotalValue() in com.waad.tba.modules.providercontract.entity.ProviderContract has been deprecated
[WARNING] /D:/Backend/waadTbaSystem2026-main_final/waadTbaSystem2026-main/backend/src/main/java/com/waad/tba/modules/member/service/ComplianceAuditService.java:[55,86] unchecked conversion
  required: java.util.List<java.lang.Object[]>
  found:    java.util.List
[WARNING] /D:/Backend/waadTbaSystem2026-main_final/waadTbaSystem2026-main/backend/src/main/java/com/waad/tba/modules/member/service/ComplianceAuditService.java:[80,31] unchecked conversion
  required: java.util.List<java.lang.Object[]>
  found:    java.util.List
[WARNING] /D:/Backend/waadTbaSystem2026-main_final/waadTbaSystem2026-main/backend/src/main/java/com/waad/tba/modules/member/service/MemberOperationService.java:[96,16] getDependents() in com.waad.tba.modules.member.dto.MemberCreateDto has been deprecated
[WARNING] /D:/Backend/waadTbaSystem2026-main_final/waadTbaSystem2026-main/backend/src/main/java/com/waad/tba/modules/member/service/MemberOperationService.java:[96,48] getDependents() in com.waad.tba.modules.member.dto.MemberCreateDto has been deprecated
[WARNING] /D:/Backend/waadTbaSystem2026-main_final/waadTbaSystem2026-main/backend/src/main/java/com/waad/tba/modules/member/service/MemberOperationService.java:[97,49] getDependents() in com.waad.tba.modules.member.dto.MemberCreateDto has been deprecated
[WARNING] /D:/Backend/waadTbaSystem2026-main_final/waadTbaSystem2026-main/backend/src/main/java/com/waad/tba/modules/member/service/impl/UnifiedMemberServiceImpl.java:[125,16] getDependents() in com.waad.tba.modules.member.dto.MemberCreateDto has been deprecated
[WARNING] /D:/Backend/waadTbaSystem2026-main_final/waadTbaSystem2026-main/backend/src/main/java/com/waad/tba/modules/member/service/impl/UnifiedMemberServiceImpl.java:[125,48] getDependents() in com.waad.tba.modules.member.dto.MemberCreateDto has been deprecated
[WARNING] /D:/Backend/waadTbaSystem2026-main_final/waadTbaSystem2026-main/backend/src/main/java/com/waad/tba/modules/member/service/impl/UnifiedMemberServiceImpl.java:[126,49] getDependents() in com.waad.tba.modules.member.dto.MemberCreateDto has been deprecated
[WARNING] /D:/Backend/waadTbaSystem2026-main_final/waadTbaSystem2026-main/backend/src/main/java/com/waad/tba/modules/pdf/service/ProviderInvoicePdfService.java:[171,43] Locale(java.lang.String) in java.util.Locale has been deprecated
[WARNING] /D:/Backend/waadTbaSystem2026-main_final/waadTbaSystem2026-main/backend/src/main/java/com/waad/tba/services/pdf/PdfReportService.java:[126,102] unchecked cast
  required: java.util.List<com.waad.tba.modules.member.dto.MemberResponseDto>
  found:    java.util.List<capture#1 of ?>
[WARNING] /D:/Backend/waadTbaSystem2026-main_final/waadTbaSystem2026-main/backend/src/main/java/com/waad/tba/services/pdf/PdfReportService.java:[136,106] unchecked cast
  required: java.util.List<com.waad.tba.modules.provider.dto.ProviderResponseDto>
  found:    java.util.List<capture#2 of ?>
[WARNING] /D:/Backend/waadTbaSystem2026-main_final/waadTbaSystem2026-main/backend/src/main/java/com/waad/tba/services/pdf/PdfReportService.java:[146,114] unchecked cast
  required: java.util.List<com.waad.tba.modules.providercontract.dto.ContractResponseDto>
  found:    java.util.List<capture#3 of ?>
[WARNING] /D:/Backend/waadTbaSystem2026-main_final/waadTbaSystem2026-main/backend/src/main/java/com/waad/tba/services/pdf/PdfReportService.java:[156,100] unchecked cast
  required: java.util.List<com.waad.tba.modules.claim.dto.ClaimResponseDto>
  found:    java.util.List<capture#4 of ?>
[WARNING] /D:/Backend/waadTbaSystem2026-main_final/waadTbaSystem2026-main/backend/src/main/java/com/waad/tba/services/pdf/PdfReportService.java:[166,122] unchecked cast
  required: java.util.List<com.waad.tba.modules.preauthorization.dto.PreAuthorizationResponseDto>
  found:    java.util.List<capture#5 of ?>
[WARNING] /D:/Backend/waadTbaSystem2026-main_final/waadTbaSystem2026-main/backend/src/main/java/com/waad/tba/services/pdf/PdfReportService.java:[176,116] unchecked cast
  required: java.util.List<com.waad.tba.modules.benefitpolicy.dto.BenefitPolicyResponseDto>
  found:    java.util.List<capture#6 of ?>
[INFO] 40 warnings 
[INFO] -------------------------------------------------------------
[INFO] -------------------------------------------------------------
[ERROR] COMPILATION ERROR : 
[INFO] -------------------------------------------------------------
[ERROR] /D:/Backend/waadTbaSystem2026-main_final/waadTbaSystem2026-main/backend/src/main/java/com/waad/tba/modules/claim/service/ClaimService.java:[1542,40] cannot find symbol
  symbol:   class ErrorCode
  location: package com.waad.tba.common
[ERROR] /D:/Backend/waadTbaSystem2026-main_final/waadTbaSystem2026-main/backend/src/main/java/com/waad/tba/modules/claim/service/ClaimService.java:[1550,40] cannot find symbol
  symbol:   class ErrorCode
  location: package com.waad.tba.common
[ERROR] /D:/Backend/waadTbaSystem2026-main_final/waadTbaSystem2026-main/backend/src/main/java/com/waad/tba/modules/claim/service/ClaimService.java:[1686,44] cannot find symbol
  symbol:   class ErrorCode
  location: package com.waad.tba.common
[INFO] 3 errors 
[INFO] -------------------------------------------------------------
[INFO] ------------------------------------------------------------------------
[INFO] BUILD FAILURE
[INFO] ------------------------------------------------------------------------
[INFO] Total time:  51.565 s
[INFO] Finished at: 2026-02-20T08:55:10+02:00
[INFO] ------------------------------------------------------------------------
[ERROR] Failed to execute goal org.apache.maven.plugins:maven-compiler-plugin:3.13.0:compile (default-compile) on project tba-backend: Compilation failure: Compilation failure: 
[ERROR] /D:/Backend/waadTbaSystem2026-main_final/waadTbaSystem2026-main/backend/src/main/java/com/waad/tba/modules/claim/service/ClaimService.java:[1542,40] cannot find symbol
[ERROR]   symbol:   class ErrorCode
[ERROR]   location: package com.waad.tba.common
[ERROR] /D:/Backend/waadTbaSystem2026-main_final/waadTbaSystem2026-main/backend/src/main/java/com/waad/tba/modules/claim/service/ClaimService.java:[1550,40] cannot find symbol
[ERROR]   symbol:   class ErrorCode
[ERROR]   location: package com.waad.tba.common
[ERROR] /D:/Backend/waadTbaSystem2026-main_final/waadTbaSystem2026-main/backend/src/main/java/com/waad/tba/modules/claim/service/ClaimService.java:[1686,44] cannot find symbol
[ERROR]   symbol:   class ErrorCode
[ERROR]   location: package com.waad.tba.common
[ERROR] -> [Help 1]
[ERROR] 
[ERROR] To see the full stack trace of the errors, re-run Maven with the '-e' switch
[ERROR] Re-run Maven using the '-X' switch to enable verbose output
[ERROR] 
[ERROR] For more information about the errors and possible solutions, please read the following articles:
[ERROR] [Help 1] http://cwiki.apache.org/confluence/display/MAVEN/CompilationFailureException
