[BUILD START] Wed 02/11/2026 15:38:15.15 
[INFO] Scanning for projects...
[INFO] Loaded 22092 auto-discovered prefixes for remote repository central (prefixes-central-efd249c5ae56b1563923b91d7632b6a37127a0fd.txt)
[INFO] Loaded 22092 auto-discovered prefixes for remote repository central (prefixes-central-712eba337df3388713842a42e637118344ff358b.txt)
[WARNING] 
[WARNING] 1 problem was encountered while building the effective model for 'com.waad:tba-backend:jar:1.0.0' (use -e to see details)
[WARNING] 
[WARNING] Total model problems reported: 1
[WARNING] 
[WARNING] It is highly recommended to fix these problems because they threaten the stability of your build.
[WARNING] 
[WARNING] For this reason, future Maven versions might no longer support building such malformed projects.
[WARNING] 
[INFO] 
[INFO] ------------------------< com.waad:tba-backend >------------------------
[INFO] Building TBA-WAAD Backend 1.0.0
[INFO]   from pom.xml
[INFO] --------------------------------[ jar ]---------------------------------
[INFO] Loaded 22092 auto-discovered prefixes for remote repository central (prefixes-central-efd249c5ae56b1563923b91d7632b6a37127a0fd.txt)
[INFO] Loaded 22092 auto-discovered prefixes for remote repository central (prefixes-central-712eba337df3388713842a42e637118344ff358b.txt)
[INFO] Loaded 22092 auto-discovered prefixes for remote repository central (prefixes-central-712eba337df3388713842a42e637118344ff358b.txt)
[INFO] Loaded 22092 auto-discovered prefixes for remote repository central (prefixes-central-712eba337df3388713842a42e637118344ff358b.txt)
[INFO] Loaded 22092 auto-discovered prefixes for remote repository central (prefixes-central-efd249c5ae56b1563923b91d7632b6a37127a0fd.txt)
[INFO] Loaded 22092 auto-discovered prefixes for remote repository central (prefixes-central-712eba337df3388713842a42e637118344ff358b.txt)
[INFO] Loaded 22092 auto-discovered prefixes for remote repository central (prefixes-central-712eba337df3388713842a42e637118344ff358b.txt)
[INFO] Loaded 22092 auto-discovered prefixes for remote repository central (prefixes-central-712eba337df3388713842a42e637118344ff358b.txt)
[INFO] Loaded 22092 auto-discovered prefixes for remote repository central (prefixes-central-712eba337df3388713842a42e637118344ff358b.txt)
[INFO] Loaded 22092 auto-discovered prefixes for remote repository central (prefixes-central-712eba337df3388713842a42e637118344ff358b.txt)
[INFO] Loaded 22092 auto-discovered prefixes for remote repository central (prefixes-central-712eba337df3388713842a42e637118344ff358b.txt)
[INFO] Loaded 22092 auto-discovered prefixes for remote repository central (prefixes-central-712eba337df3388713842a42e637118344ff358b.txt)
[WARNING] 1 problem was encountered while building the effective model for 'org.springdoc:springdoc-openapi-starter-webmvc-ui:jar:2.8.10' during dependency collection step for project (use -X to see details)
[WARNING] 1 problem was encountered while building the effective model for 'org.springdoc:springdoc-openapi-starter-webmvc-api:jar:2.8.10' during dependency collection step for project (use -X to see details)
[INFO] Loaded 22092 auto-discovered prefixes for remote repository central (prefixes-central-efd249c5ae56b1563923b91d7632b6a37127a0fd.txt)
[INFO] Loaded 22092 auto-discovered prefixes for remote repository central (prefixes-central-712eba337df3388713842a42e637118344ff358b.txt)
[INFO] Loaded 22092 auto-discovered prefixes for remote repository central (prefixes-central-712eba337df3388713842a42e637118344ff358b.txt)
[INFO] Loaded 22092 auto-discovered prefixes for remote repository central (prefixes-central-712eba337df3388713842a42e637118344ff358b.txt)
[INFO] Loaded 22092 auto-discovered prefixes for remote repository central (prefixes-central-712eba337df3388713842a42e637118344ff358b.txt)
[INFO] Loaded 22092 auto-discovered prefixes for remote repository central (prefixes-central-712eba337df3388713842a42e637118344ff358b.txt)
[INFO] Loaded 22092 auto-discovered prefixes for remote repository central (prefixes-central-712eba337df3388713842a42e637118344ff358b.txt)
[INFO] Loaded 22092 auto-discovered prefixes for remote repository central (prefixes-central-712eba337df3388713842a42e637118344ff358b.txt)
[INFO] Loaded 22092 auto-discovered prefixes for remote repository central (prefixes-central-712eba337df3388713842a42e637118344ff358b.txt)
[WARNING] 1 problem was encountered while building the effective model for 'org.springdoc:springdoc-openapi-starter-common:jar:2.8.10' during dependency collection step for project (use -X to see details)
[INFO] Loaded 22092 auto-discovered prefixes for remote repository central (prefixes-central-712eba337df3388713842a42e637118344ff358b.txt)
[INFO] Loaded 22092 auto-discovered prefixes for remote repository central (prefixes-central-712eba337df3388713842a42e637118344ff358b.txt)
[INFO] Loaded 22092 auto-discovered prefixes for remote repository central (prefixes-central-712eba337df3388713842a42e637118344ff358b.txt)
[INFO] Loaded 22092 auto-discovered prefixes for remote repository central (prefixes-central-712eba337df3388713842a42e637118344ff358b.txt)
[INFO] 
[INFO] --- clean:3.4.0:clean (default-clean) @ tba-backend ---
[INFO] Deleting d:\Backend\waadTbaSystem2026-main_final\waadTbaSystem2026-main\backend\target
[INFO] 
[INFO] --- resources:3.3.1:resources (default-resources) @ tba-backend ---
[INFO] Copying 3 resources from src\main\resources to target\classes
[INFO] Copying 49 resources from src\main\resources to target\classes
[INFO] 
[INFO] --- compiler:3.13.0:compile (default-compile) @ tba-backend ---
[INFO] Loaded 22092 auto-discovered prefixes for remote repository central (prefixes-central-712eba337df3388713842a42e637118344ff358b.txt)
[INFO] Loaded 22092 auto-discovered prefixes for remote repository central (prefixes-central-712eba337df3388713842a42e637118344ff358b.txt)
[INFO] Recompiling the module because of changed source code.
[INFO] Compiling 606 source files with javac [debug parameters release 21] to target\classes
[WARNING] /d:/Backend/waadTbaSystem2026-main_final/waadTbaSystem2026-main/backend/src/main/java/com/waad/tba/modules/medicaltaxonomy/entity/MedicalService.java:[149,21] @SuperBuilder will ignore the initializing expression entirely. If you want the initializing expression to serve as default, add @Builder.Default. If it is not supposed to be settable during building, make the field final.
[WARNING] /d:/Backend/waadTbaSystem2026-main_final/waadTbaSystem2026-main/backend/src/main/java/com/waad/tba/modules/auth/dto/TokenRefreshResponse.java:[15,20] @Builder will ignore the initializing expression entirely. If you want the initializing expression to serve as default, add @Builder.Default. If it is not supposed to be settable during building, make the field final.
[WARNING] /d:/Backend/waadTbaSystem2026-main_final/waadTbaSystem2026-main/backend/src/main/java/com/waad/tba/modules/medicaltaxonomy/entity/MedicalCategory.java:[57,21] @Builder will ignore the initializing expression entirely. If you want the initializing expression to serve as default, add @Builder.Default. If it is not supposed to be settable during building, make the field final.
[WARNING] /d:/Backend/waadTbaSystem2026-main_final/waadTbaSystem2026-main/backend/src/main/java/com/waad/tba/modules/rbac/entity/Permission.java:[43,32] @Builder will ignore the initializing expression entirely. If you want the initializing expression to serve as default, add @Builder.Default. If it is not supposed to be settable during building, make the field final.
[WARNING] /d:/Backend/waadTbaSystem2026-main_final/waadTbaSystem2026-main/backend/src/main/java/com/waad/tba/modules/company/entity/Company.java:[139,21] @Builder will ignore the initializing expression entirely. If you want the initializing expression to serve as default, add @Builder.Default. If it is not supposed to be settable during building, make the field final.
[WARNING] /d:/Backend/waadTbaSystem2026-main_final/waadTbaSystem2026-main/backend/src/main/java/com/waad/tba/common/entity/SoftDeleteEntity.java:[30,20] @SuperBuilder will ignore the initializing expression entirely. If you want the initializing expression to serve as default, add @Builder.Default. If it is not supposed to be settable during building, make the field final.
[WARNING] /d:/Backend/waadTbaSystem2026-main_final/waadTbaSystem2026-main/backend/src/main/java/com/waad/tba/common/entity/SoftDeleteEntity.java:[33,23] @SuperBuilder will ignore the initializing expression entirely. If you want the initializing expression to serve as default, add @Builder.Default. If it is not supposed to be settable during building, make the field final.
[WARNING] /d:/Backend/waadTbaSystem2026-main_final/waadTbaSystem2026-main/backend/src/main/java/com/waad/tba/modules/notification/entity/Notification.java:[40,21] @Builder will ignore the initializing expression entirely. If you want the initializing expression to serve as default, add @Builder.Default. If it is not supposed to be settable during building, make the field final.
[WARNING] /d:/Backend/waadTbaSystem2026-main_final/waadTbaSystem2026-main/backend/src/main/java/com/waad/tba/modules/employer/service/EmployerService.java:[140,38] deprecated item is not annotated with @Deprecated
[INFO] /d:/Backend/waadTbaSystem2026-main_final/waadTbaSystem2026-main/backend/src/main/java/com/waad/tba/modules/medicaltaxonomy/entity/MedicalService.java: Some input files use or override a deprecated API.
[INFO] /d:/Backend/waadTbaSystem2026-main_final/waadTbaSystem2026-main/backend/src/main/java/com/waad/tba/modules/medicaltaxonomy/entity/MedicalService.java: Recompile with -Xlint:deprecation for details.
[INFO] /d:/Backend/waadTbaSystem2026-main_final/waadTbaSystem2026-main/backend/src/main/java/com/waad/tba/common/lifecycle/service/LifecycleManagerService.java: Some input files use unchecked or unsafe operations.
[INFO] /d:/Backend/waadTbaSystem2026-main_final/waadTbaSystem2026-main/backend/src/main/java/com/waad/tba/common/lifecycle/service/LifecycleManagerService.java: Recompile with -Xlint:unchecked for details.
[INFO] ------------------------------------------------------------------------
[INFO] BUILD SUCCESS
[INFO] ------------------------------------------------------------------------
[INFO] Total time:  24.727 s
[INFO] Finished at: 2026-02-11T15:38:43+02:00
[INFO] ------------------------------------------------------------------------
[BUILD END] Wed 02/11/2026 15:38:43.26 
