[INFO] Scanning for projects...
[INFO] 
[INFO] ------------------------< com.waad:tba-backend >------------------------
[INFO] Building TBA-WAAD Backend 1.0.0
[INFO]   from pom.xml
[INFO] --------------------------------[ jar ]---------------------------------
[INFO] 
[INFO] --- clean:3.4.1:clean (default-clean) @ tba-backend ---
[INFO] Deleting D:\Backend\waadTbaSystem2026-main_final\waadTbaSystem2026-main\backend\target
[INFO] 
[INFO] --- resources:3.3.1:resources (default-resources) @ tba-backend ---
[INFO] Copying 3 resources from src\main\resources to target\classes
[INFO] Copying 30 resources from src\main\resources to target\classes
[INFO] 
[INFO] --- compiler:3.13.0:compile (default-compile) @ tba-backend ---
[INFO] Recompiling the module because of changed source code.
[INFO] Compiling 637 source files with javac [debug deprecation parameters release 21] to target\classes
[INFO] /D:/Backend/waadTbaSystem2026-main_final/waadTbaSystem2026-main/backend/src/main/java/com/waad/tba/modules/provider/dto/ProviderClaimRequest.java: D:\Backend\waadTbaSystem2026-main_final\waadTbaSystem2026-main\backend\src\main\java\com\waad\tba\modules\provider\dto\ProviderClaimRequest.java has additional uses or overrides of a deprecated API.
[INFO] /D:/Backend/waadTbaSystem2026-main_final/waadTbaSystem2026-main/backend/src/main/java/com/waad/tba/services/pdf/PdfReportService.java: D:\Backend\waadTbaSystem2026-main_final\waadTbaSystem2026-main\backend\src\main\java\com\waad\tba\services\pdf\PdfReportService.java uses unchecked or unsafe operations.
[INFO] -------------------------------------------------------------
[WARNING] COMPILATION WARNING : 
[INFO] -------------------------------------------------------------
[WARNING] /D:/Backend/waadTbaSystem2026-main_final/waadTbaSystem2026-main/backend/src/main/java/com/waad/tba/modules/benefitpolicy/entity/BenefitRuleTemplate.java:[39,21] @Builder will ignore the initializing expression entirely. If you want the initializing expression to serve as default, add @Builder.Default. If it is not supposed to be settable during building, make the field final.
[WARNING] /D:/Backend/waadTbaSystem2026-main_final/waadTbaSystem2026-main/backend/src/main/java/com/waad/tba/modules/admin/system/SystemAdminService.java:[29,19] com.waad.tba.modules.reviewer.repository.ReviewerCompanyRepository in com.waad.tba.modules.reviewer.repository has been deprecated
[WARNING] /D:/Backend/waadTbaSystem2026-main_final/waadTbaSystem2026-main/backend/src/main/java/com/waad/tba/modules/admin/system/SystemAdminService.java:[29,19] com.waad.tba.modules.reviewer.repository.ReviewerCompanyRepository in com.waad.tba.modules.reviewer.repository has been deprecated
[WARNING] /D:/Backend/waadTbaSystem2026-main_final/waadTbaSystem2026-main/backend/src/main/java/com/waad/tba/modules/admin/system/SystemAdminService.java:[29,19] com.waad.tba.modules.reviewer.repository.ReviewerCompanyRepository in com.waad.tba.modules.reviewer.repository has been deprecated
[WARNING] /D:/Backend/waadTbaSystem2026-main_final/waadTbaSystem2026-main/backend/src/main/java/com/waad/tba/modules/admin/system/SystemAdminService.java:[29,19] com.waad.tba.modules.reviewer.repository.ReviewerCompanyRepository in com.waad.tba.modules.reviewer.repository has been deprecated
[WARNING] /D:/Backend/waadTbaSystem2026-main_final/waadTbaSystem2026-main/backend/src/main/java/com/waad/tba/modules/admin/system/SystemAdminService.java:[29,19] com.waad.tba.modules.reviewer.repository.ReviewerCompanyRepository in com.waad.tba.modules.reviewer.repository has been deprecated
[WARNING] /D:/Backend/waadTbaSystem2026-main_final/waadTbaSystem2026-main/backend/src/main/java/com/waad/tba/modules/admin/system/SystemAdminService.java:[21,1] com.waad.tba.modules.reviewer.repository.ReviewerCompanyRepository in com.waad.tba.modules.reviewer.repository has been deprecated
[WARNING] /D:/Backend/waadTbaSystem2026-main_final/waadTbaSystem2026-main/backend/src/main/java/com/waad/tba/modules/admin/system/SystemAdminService.java:[21,1] com.waad.tba.modules.reviewer.repository.ReviewerCompanyRepository in com.waad.tba.modules.reviewer.repository has been deprecated
[WARNING] /D:/Backend/waadTbaSystem2026-main_final/waadTbaSystem2026-main/backend/src/main/java/com/waad/tba/modules/admin/system/SystemAdminService.java:[21,1] com.waad.tba.modules.reviewer.repository.ReviewerCompanyRepository in com.waad.tba.modules.reviewer.repository has been deprecated
[WARNING] /D:/Backend/waadTbaSystem2026-main_final/waadTbaSystem2026-main/backend/src/main/java/com/waad/tba/modules/admin/system/SystemAdminService.java:[21,1] com.waad.tba.modules.reviewer.repository.ReviewerCompanyRepository in com.waad.tba.modules.reviewer.repository has been deprecated
[WARNING] /D:/Backend/waadTbaSystem2026-main_final/waadTbaSystem2026-main/backend/src/main/java/com/waad/tba/modules/admin/system/SystemAdminService.java:[21,1] com.waad.tba.modules.reviewer.repository.ReviewerCompanyRepository in com.waad.tba.modules.reviewer.repository has been deprecated
[WARNING] /D:/Backend/waadTbaSystem2026-main_final/waadTbaSystem2026-main/backend/src/main/java/com/waad/tba/modules/claim/service/ClaimService.java:[332,16] getStatus() in com.waad.tba.modules.claim.dto.ClaimUpdateDto has been deprecated
[WARNING] /D:/Backend/waadTbaSystem2026-main_final/waadTbaSystem2026-main/backend/src/main/java/com/waad/tba/modules/claim/service/ClaimService.java:[332,43] getStatus() in com.waad.tba.modules.claim.dto.ClaimUpdateDto has been deprecated
[WARNING] /D:/Backend/waadTbaSystem2026-main_final/waadTbaSystem2026-main/backend/src/main/java/com/waad/tba/modules/claim/service/ClaimService.java:[335,20] getStatus() in com.waad.tba.modules.claim.dto.ClaimUpdateDto has been deprecated
[WARNING] /D:/Backend/waadTbaSystem2026-main_final/waadTbaSystem2026-main/backend/src/main/java/com/waad/tba/modules/claim/service/ClaimService.java:[345,20] getStatus() in com.waad.tba.modules.claim.dto.ClaimUpdateDto has been deprecated
[WARNING] /D:/Backend/waadTbaSystem2026-main_final/waadTbaSystem2026-main/backend/src/main/java/com/waad/tba/modules/claim/service/ClaimService.java:[352,52] getStatus() in com.waad.tba.modules.claim.dto.ClaimUpdateDto has been deprecated
[WARNING] /D:/Backend/waadTbaSystem2026-main_final/waadTbaSystem2026-main/backend/src/main/java/com/waad/tba/modules/claim/service/ClaimService.java:[1468,36] getStatus() in com.waad.tba.modules.claim.dto.ClaimUpdateDto has been deprecated
[WARNING] /D:/Backend/waadTbaSystem2026-main_final/waadTbaSystem2026-main/backend/src/main/java/com/waad/tba/modules/claim/service/ClaimService.java:[1468,62] getStatus() in com.waad.tba.modules.claim.dto.ClaimUpdateDto has been deprecated
[WARNING] /D:/Backend/waadTbaSystem2026-main_final/waadTbaSystem2026-main/backend/src/main/java/com/waad/tba/modules/claim/mapper/ClaimMapper.java:[272,16] getStatus() in com.waad.tba.modules.claim.dto.ClaimUpdateDto has been deprecated
[WARNING] /D:/Backend/waadTbaSystem2026-main_final/waadTbaSystem2026-main/backend/src/main/java/com/waad/tba/modules/claim/mapper/ClaimMapper.java:[272,57] getStatus() in com.waad.tba.modules.claim.dto.ClaimUpdateDto has been deprecated
[WARNING] /D:/Backend/waadTbaSystem2026-main_final/waadTbaSystem2026-main/backend/src/main/java/com/waad/tba/modules/claim/mapper/ClaimMapper.java:[292,16] getLines() in com.waad.tba.modules.claim.dto.ClaimUpdateDto has been deprecated
[WARNING] /D:/Backend/waadTbaSystem2026-main_final/waadTbaSystem2026-main/backend/src/main/java/com/waad/tba/modules/claim/mapper/ClaimMapper.java:[292,43] getLines() in com.waad.tba.modules.claim.dto.ClaimUpdateDto has been deprecated
[WARNING] /D:/Backend/waadTbaSystem2026-main_final/waadTbaSystem2026-main/backend/src/main/java/com/waad/tba/modules/claim/mapper/ClaimMapper.java:[322,17] diagnosis(java.lang.String) in com.waad.tba.modules.claim.dto.ClaimViewDto.ClaimViewDtoBuilder has been deprecated
[WARNING] /D:/Backend/waadTbaSystem2026-main_final/waadTbaSystem2026-main/backend/src/main/java/com/waad/tba/modules/providercontract/service/ProviderContractService.java:[489,17] totalValue(java.math.BigDecimal) in com.waad.tba.modules.providercontract.entity.ProviderContract.ProviderContractBuilder has been deprecated
[WARNING] /D:/Backend/waadTbaSystem2026-main_final/waadTbaSystem2026-main/backend/src/main/java/com/waad/tba/modules/providercontract/service/ProviderContractService.java:[563,21] setTotalValue(java.math.BigDecimal) in com.waad.tba.modules.providercontract.entity.ProviderContract has been deprecated
[WARNING] /D:/Backend/waadTbaSystem2026-main_final/waadTbaSystem2026-main/backend/src/main/java/com/waad/tba/modules/providercontract/dto/ProviderContractResponseDto.java:[110,35] getTotalValue() in com.waad.tba.modules.providercontract.entity.ProviderContract has been deprecated
[WARNING] /D:/Backend/waadTbaSystem2026-main_final/waadTbaSystem2026-main/backend/src/main/java/com/waad/tba/modules/member/dto/MemberCreateDto.java:[29,87] required() in io.swagger.v3.oas.annotations.media.Schema has been deprecated
[WARNING] /D:/Backend/waadTbaSystem2026-main_final/waadTbaSystem2026-main/backend/src/main/java/com/waad/tba/modules/member/dto/MemberCreateDto.java:[29,87] required() in io.swagger.v3.oas.annotations.media.Schema has been deprecated
[WARNING] /D:/Backend/waadTbaSystem2026-main_final/waadTbaSystem2026-main/backend/src/main/java/com/waad/tba/modules/member/dto/MemberCreateDto.java:[29,87] required() in io.swagger.v3.oas.annotations.media.Schema has been deprecated
[WARNING] /D:/Backend/waadTbaSystem2026-main_final/waadTbaSystem2026-main/backend/src/main/java/com/waad/tba/modules/member/dto/MemberCreateDto.java:[29,87] required() in io.swagger.v3.oas.annotations.media.Schema has been deprecated
[WARNING] /D:/Backend/waadTbaSystem2026-main_final/waadTbaSystem2026-main/backend/src/main/java/com/waad/tba/modules/member/dto/MemberCreateDto.java:[29,87] required() in io.swagger.v3.oas.annotations.media.Schema has been deprecated
[WARNING] /D:/Backend/waadTbaSystem2026-main_final/waadTbaSystem2026-main/backend/src/main/java/com/waad/tba/modules/member/dto/MemberCreateDto.java:[71,57] required() in io.swagger.v3.oas.annotations.media.Schema has been deprecated
[WARNING] /D:/Backend/waadTbaSystem2026-main_final/waadTbaSystem2026-main/backend/src/main/java/com/waad/tba/modules/member/dto/MemberCreateDto.java:[71,57] required() in io.swagger.v3.oas.annotations.media.Schema has been deprecated
[WARNING] /D:/Backend/waadTbaSystem2026-main_final/waadTbaSystem2026-main/backend/src/main/java/com/waad/tba/modules/member/dto/MemberCreateDto.java:[71,57] required() in io.swagger.v3.oas.annotations.media.Schema has been deprecated
[WARNING] /D:/Backend/waadTbaSystem2026-main_final/waadTbaSystem2026-main/backend/src/main/java/com/waad/tba/modules/member/dto/MemberCreateDto.java:[71,57] required() in io.swagger.v3.oas.annotations.media.Schema has been deprecated
[WARNING] /D:/Backend/waadTbaSystem2026-main_final/waadTbaSystem2026-main/backend/src/main/java/com/waad/tba/modules/member/dto/MemberCreateDto.java:[71,57] required() in io.swagger.v3.oas.annotations.media.Schema has been deprecated
[WARNING] /D:/Backend/waadTbaSystem2026-main_final/waadTbaSystem2026-main/backend/src/main/java/com/waad/tba/modules/member/dto/DependentMemberDto.java:[34,65] required() in io.swagger.v3.oas.annotations.media.Schema has been deprecated
[WARNING] /D:/Backend/waadTbaSystem2026-main_final/waadTbaSystem2026-main/backend/src/main/java/com/waad/tba/modules/member/dto/DependentMemberDto.java:[34,65] required() in io.swagger.v3.oas.annotations.media.Schema has been deprecated
[WARNING] /D:/Backend/waadTbaSystem2026-main_final/waadTbaSystem2026-main/backend/src/main/java/com/waad/tba/modules/member/dto/DependentMemberDto.java:[34,65] required() in io.swagger.v3.oas.annotations.media.Schema has been deprecated
[WARNING] /D:/Backend/waadTbaSystem2026-main_final/waadTbaSystem2026-main/backend/src/main/java/com/waad/tba/modules/member/dto/DependentMemberDto.java:[34,65] required() in io.swagger.v3.oas.annotations.media.Schema has been deprecated
[WARNING] /D:/Backend/waadTbaSystem2026-main_final/waadTbaSystem2026-main/backend/src/main/java/com/waad/tba/modules/member/dto/DependentMemberDto.java:[34,65] required() in io.swagger.v3.oas.annotations.media.Schema has been deprecated
[WARNING] /D:/Backend/waadTbaSystem2026-main_final/waadTbaSystem2026-main/backend/src/main/java/com/waad/tba/modules/member/dto/DependentMemberDto.java:[38,67] required() in io.swagger.v3.oas.annotations.media.Schema has been deprecated
[WARNING] /D:/Backend/waadTbaSystem2026-main_final/waadTbaSystem2026-main/backend/src/main/java/com/waad/tba/modules/member/dto/DependentMemberDto.java:[38,67] required() in io.swagger.v3.oas.annotations.media.Schema has been deprecated
[WARNING] /D:/Backend/waadTbaSystem2026-main_final/waadTbaSystem2026-main/backend/src/main/java/com/waad/tba/modules/member/dto/DependentMemberDto.java:[38,67] required() in io.swagger.v3.oas.annotations.media.Schema has been deprecated
[WARNING] /D:/Backend/waadTbaSystem2026-main_final/waadTbaSystem2026-main/backend/src/main/java/com/waad/tba/modules/member/dto/DependentMemberDto.java:[38,67] required() in io.swagger.v3.oas.annotations.media.Schema has been deprecated
[WARNING] /D:/Backend/waadTbaSystem2026-main_final/waadTbaSystem2026-main/backend/src/main/java/com/waad/tba/modules/member/dto/DependentMemberDto.java:[38,67] required() in io.swagger.v3.oas.annotations.media.Schema has been deprecated
[WARNING] /D:/Backend/waadTbaSystem2026-main_final/waadTbaSystem2026-main/backend/src/main/java/com/waad/tba/modules/member/dto/MemberAttributeDto.java:[24,72] required() in io.swagger.v3.oas.annotations.media.Schema has been deprecated
[WARNING] /D:/Backend/waadTbaSystem2026-main_final/waadTbaSystem2026-main/backend/src/main/java/com/waad/tba/modules/member/dto/MemberAttributeDto.java:[24,72] required() in io.swagger.v3.oas.annotations.media.Schema has been deprecated
[WARNING] /D:/Backend/waadTbaSystem2026-main_final/waadTbaSystem2026-main/backend/src/main/java/com/waad/tba/modules/member/dto/MemberAttributeDto.java:[24,72] required() in io.swagger.v3.oas.annotations.media.Schema has been deprecated
[WARNING] /D:/Backend/waadTbaSystem2026-main_final/waadTbaSystem2026-main/backend/src/main/java/com/waad/tba/modules/member/dto/MemberAttributeDto.java:[24,72] required() in io.swagger.v3.oas.annotations.media.Schema has been deprecated
[WARNING] /D:/Backend/waadTbaSystem2026-main_final/waadTbaSystem2026-main/backend/src/main/java/com/waad/tba/modules/member/dto/MemberAttributeDto.java:[24,72] required() in io.swagger.v3.oas.annotations.media.Schema has been deprecated
[WARNING] /D:/Backend/waadTbaSystem2026-main_final/waadTbaSystem2026-main/backend/src/main/java/com/waad/tba/modules/member/service/ComplianceAuditService.java:[55,86] unchecked conversion
  required: java.util.List<java.lang.Object[]>
  found:    java.util.List
[WARNING] /D:/Backend/waadTbaSystem2026-main_final/waadTbaSystem2026-main/backend/src/main/java/com/waad/tba/modules/member/service/ComplianceAuditService.java:[80,31] unchecked conversion
  required: java.util.List<java.lang.Object[]>
  found:    java.util.List
[WARNING] /D:/Backend/waadTbaSystem2026-main_final/waadTbaSystem2026-main/backend/src/main/java/com/waad/tba/modules/member/service/MemberOperationService.java:[96,16] getDependents() in com.waad.tba.modules.member.dto.MemberCreateDto has been deprecated
[WARNING] /D:/Backend/waadTbaSystem2026-main_final/waadTbaSystem2026-main/backend/src/main/java/com/waad/tba/modules/member/service/MemberOperationService.java:[96,48] getDependents() in com.waad.tba.modules.member.dto.MemberCreateDto has been deprecated
[WARNING] /D:/Backend/waadTbaSystem2026-main_final/waadTbaSystem2026-main/backend/src/main/java/com/waad/tba/modules/member/service/MemberOperationService.java:[97,49] getDependents() in com.waad.tba.modules.member.dto.MemberCreateDto has been deprecated
[WARNING] /D:/Backend/waadTbaSystem2026-main_final/waadTbaSystem2026-main/backend/src/main/java/com/waad/tba/modules/member/service/impl/UnifiedMemberServiceImpl.java:[125,16] getDependents() in com.waad.tba.modules.member.dto.MemberCreateDto has been deprecated
[WARNING] /D:/Backend/waadTbaSystem2026-main_final/waadTbaSystem2026-main/backend/src/main/java/com/waad/tba/modules/member/service/impl/UnifiedMemberServiceImpl.java:[125,48] getDependents() in com.waad.tba.modules.member.dto.MemberCreateDto has been deprecated
[WARNING] /D:/Backend/waadTbaSystem2026-main_final/waadTbaSystem2026-main/backend/src/main/java/com/waad/tba/modules/member/service/impl/UnifiedMemberServiceImpl.java:[126,49] getDependents() in com.waad.tba.modules.member.dto.MemberCreateDto has been deprecated
[WARNING] /D:/Backend/waadTbaSystem2026-main_final/waadTbaSystem2026-main/backend/src/main/java/com/waad/tba/services/pdf/PdfTemplateService.java:[68,57] Locale(java.lang.String,java.lang.String) in java.util.Locale has been deprecated
[WARNING] /D:/Backend/waadTbaSystem2026-main_final/waadTbaSystem2026-main/backend/src/main/java/com/waad/tba/modules/pdf/service/ProviderInvoicePdfService.java:[171,43] Locale(java.lang.String) in java.util.Locale has been deprecated
[WARNING] /D:/Backend/waadTbaSystem2026-main_final/waadTbaSystem2026-main/backend/src/main/java/com/waad/tba/modules/provider/dto/ProviderServiceAssignDto.java:[24,13] required() in io.swagger.v3.oas.annotations.media.Schema has been deprecated
[WARNING] /D:/Backend/waadTbaSystem2026-main_final/waadTbaSystem2026-main/backend/src/main/java/com/waad/tba/modules/provider/dto/ProviderServiceAssignDto.java:[24,13] required() in io.swagger.v3.oas.annotations.media.Schema has been deprecated
[WARNING] /D:/Backend/waadTbaSystem2026-main_final/waadTbaSystem2026-main/backend/src/main/java/com/waad/tba/modules/provider/dto/ProviderServiceAssignDto.java:[24,13] required() in io.swagger.v3.oas.annotations.media.Schema has been deprecated
[WARNING] /D:/Backend/waadTbaSystem2026-main_final/waadTbaSystem2026-main/backend/src/main/java/com/waad/tba/modules/provider/dto/ProviderServiceAssignDto.java:[24,13] required() in io.swagger.v3.oas.annotations.media.Schema has been deprecated
[WARNING] /D:/Backend/waadTbaSystem2026-main_final/waadTbaSystem2026-main/backend/src/main/java/com/waad/tba/modules/provider/dto/ProviderServiceAssignDto.java:[24,13] required() in io.swagger.v3.oas.annotations.media.Schema has been deprecated
[WARNING] /D:/Backend/waadTbaSystem2026-main_final/waadTbaSystem2026-main/backend/src/main/java/com/waad/tba/modules/provider/dto/ProviderClaimRequest.java:[40,88] required() in io.swagger.v3.oas.annotations.media.Schema has been deprecated
[WARNING] /D:/Backend/waadTbaSystem2026-main_final/waadTbaSystem2026-main/backend/src/main/java/com/waad/tba/modules/provider/dto/ProviderClaimRequest.java:[40,88] required() in io.swagger.v3.oas.annotations.media.Schema has been deprecated
[WARNING] /D:/Backend/waadTbaSystem2026-main_final/waadTbaSystem2026-main/backend/src/main/java/com/waad/tba/modules/provider/dto/ProviderClaimRequest.java:[40,88] required() in io.swagger.v3.oas.annotations.media.Schema has been deprecated
[WARNING] /D:/Backend/waadTbaSystem2026-main_final/waadTbaSystem2026-main/backend/src/main/java/com/waad/tba/modules/provider/dto/ProviderClaimRequest.java:[40,88] required() in io.swagger.v3.oas.annotations.media.Schema has been deprecated
[WARNING] /D:/Backend/waadTbaSystem2026-main_final/waadTbaSystem2026-main/backend/src/main/java/com/waad/tba/modules/provider/dto/ProviderClaimRequest.java:[40,88] required() in io.swagger.v3.oas.annotations.media.Schema has been deprecated
[WARNING] /D:/Backend/waadTbaSystem2026-main_final/waadTbaSystem2026-main/backend/src/main/java/com/waad/tba/modules/provider/dto/ProviderClaimRequest.java:[50,82] required() in io.swagger.v3.oas.annotations.media.Schema has been deprecated
[WARNING] /D:/Backend/waadTbaSystem2026-main_final/waadTbaSystem2026-main/backend/src/main/java/com/waad/tba/modules/provider/dto/ProviderClaimRequest.java:[50,82] required() in io.swagger.v3.oas.annotations.media.Schema has been deprecated
[WARNING] /D:/Backend/waadTbaSystem2026-main_final/waadTbaSystem2026-main/backend/src/main/java/com/waad/tba/modules/provider/dto/ProviderClaimRequest.java:[50,82] required() in io.swagger.v3.oas.annotations.media.Schema has been deprecated
[WARNING] /D:/Backend/waadTbaSystem2026-main_final/waadTbaSystem2026-main/backend/src/main/java/com/waad/tba/modules/provider/dto/ProviderClaimRequest.java:[50,82] required() in io.swagger.v3.oas.annotations.media.Schema has been deprecated
[WARNING] /D:/Backend/waadTbaSystem2026-main_final/waadTbaSystem2026-main/backend/src/main/java/com/waad/tba/modules/provider/dto/ProviderClaimRequest.java:[50,82] required() in io.swagger.v3.oas.annotations.media.Schema has been deprecated
[WARNING] /D:/Backend/waadTbaSystem2026-main_final/waadTbaSystem2026-main/backend/src/main/java/com/waad/tba/modules/provider/dto/ProviderClaimRequest.java:[59,69] required() in io.swagger.v3.oas.annotations.media.Schema has been deprecated
[WARNING] /D:/Backend/waadTbaSystem2026-main_final/waadTbaSystem2026-main/backend/src/main/java/com/waad/tba/modules/provider/dto/ProviderClaimRequest.java:[59,69] required() in io.swagger.v3.oas.annotations.media.Schema has been deprecated
[WARNING] /D:/Backend/waadTbaSystem2026-main_final/waadTbaSystem2026-main/backend/src/main/java/com/waad/tba/modules/provider/dto/ProviderClaimRequest.java:[59,69] required() in io.swagger.v3.oas.annotations.media.Schema has been deprecated
[WARNING] /D:/Backend/waadTbaSystem2026-main_final/waadTbaSystem2026-main/backend/src/main/java/com/waad/tba/modules/provider/dto/ProviderClaimRequest.java:[59,69] required() in io.swagger.v3.oas.annotations.media.Schema has been deprecated
[WARNING] /D:/Backend/waadTbaSystem2026-main_final/waadTbaSystem2026-main/backend/src/main/java/com/waad/tba/modules/provider/dto/ProviderClaimRequest.java:[59,69] required() in io.swagger.v3.oas.annotations.media.Schema has been deprecated
[WARNING] /D:/Backend/waadTbaSystem2026-main_final/waadTbaSystem2026-main/backend/src/main/java/com/waad/tba/modules/provider/dto/ProviderClaimRequest.java:[66,67] required() in io.swagger.v3.oas.annotations.media.Schema has been deprecated
[WARNING] /D:/Backend/waadTbaSystem2026-main_final/waadTbaSystem2026-main/backend/src/main/java/com/waad/tba/modules/provider/dto/ProviderClaimRequest.java:[66,67] required() in io.swagger.v3.oas.annotations.media.Schema has been deprecated
[WARNING] /D:/Backend/waadTbaSystem2026-main_final/waadTbaSystem2026-main/backend/src/main/java/com/waad/tba/modules/provider/dto/ProviderClaimRequest.java:[66,67] required() in io.swagger.v3.oas.annotations.media.Schema has been deprecated
[WARNING] /D:/Backend/waadTbaSystem2026-main_final/waadTbaSystem2026-main/backend/src/main/java/com/waad/tba/modules/provider/dto/ProviderClaimRequest.java:[66,67] required() in io.swagger.v3.oas.annotations.media.Schema has been deprecated
[WARNING] /D:/Backend/waadTbaSystem2026-main_final/waadTbaSystem2026-main/backend/src/main/java/com/waad/tba/modules/provider/dto/ProviderClaimRequest.java:[66,67] required() in io.swagger.v3.oas.annotations.media.Schema has been deprecated
[WARNING] /D:/Backend/waadTbaSystem2026-main_final/waadTbaSystem2026-main/backend/src/main/java/com/waad/tba/modules/provider/dto/ProviderClaimRequest.java:[75,67] required() in io.swagger.v3.oas.annotations.media.Schema has been deprecated
[WARNING] /D:/Backend/waadTbaSystem2026-main_final/waadTbaSystem2026-main/backend/src/main/java/com/waad/tba/modules/provider/dto/ProviderClaimRequest.java:[75,67] required() in io.swagger.v3.oas.annotations.media.Schema has been deprecated
[WARNING] /D:/Backend/waadTbaSystem2026-main_final/waadTbaSystem2026-main/backend/src/main/java/com/waad/tba/modules/provider/dto/ProviderClaimRequest.java:[75,67] required() in io.swagger.v3.oas.annotations.media.Schema has been deprecated
[WARNING] /D:/Backend/waadTbaSystem2026-main_final/waadTbaSystem2026-main/backend/src/main/java/com/waad/tba/modules/provider/dto/ProviderClaimRequest.java:[75,67] required() in io.swagger.v3.oas.annotations.media.Schema has been deprecated
[WARNING] /D:/Backend/waadTbaSystem2026-main_final/waadTbaSystem2026-main/backend/src/main/java/com/waad/tba/modules/provider/dto/ProviderClaimRequest.java:[75,67] required() in io.swagger.v3.oas.annotations.media.Schema has been deprecated
[WARNING] /D:/Backend/waadTbaSystem2026-main_final/waadTbaSystem2026-main/backend/src/main/java/com/waad/tba/modules/provider/dto/ProviderClaimRequest.java:[90,89] required() in io.swagger.v3.oas.annotations.media.Schema has been deprecated
[WARNING] /D:/Backend/waadTbaSystem2026-main_final/waadTbaSystem2026-main/backend/src/main/java/com/waad/tba/modules/provider/dto/ProviderClaimRequest.java:[90,89] required() in io.swagger.v3.oas.annotations.media.Schema has been deprecated
[WARNING] /D:/Backend/waadTbaSystem2026-main_final/waadTbaSystem2026-main/backend/src/main/java/com/waad/tba/modules/provider/dto/ProviderClaimRequest.java:[90,89] required() in io.swagger.v3.oas.annotations.media.Schema has been deprecated
[WARNING] /D:/Backend/waadTbaSystem2026-main_final/waadTbaSystem2026-main/backend/src/main/java/com/waad/tba/modules/provider/dto/ProviderClaimRequest.java:[90,89] required() in io.swagger.v3.oas.annotations.media.Schema has been deprecated
[WARNING] /D:/Backend/waadTbaSystem2026-main_final/waadTbaSystem2026-main/backend/src/main/java/com/waad/tba/modules/provider/dto/ProviderClaimRequest.java:[90,89] required() in io.swagger.v3.oas.annotations.media.Schema has been deprecated
[WARNING] /D:/Backend/waadTbaSystem2026-main_final/waadTbaSystem2026-main/backend/src/main/java/com/waad/tba/modules/provider/dto/ProviderClaimRequest.java:[134,71] required() in io.swagger.v3.oas.annotations.media.Schema has been deprecated
[WARNING] /D:/Backend/waadTbaSystem2026-main_final/waadTbaSystem2026-main/backend/src/main/java/com/waad/tba/modules/provider/dto/ProviderClaimRequest.java:[134,71] required() in io.swagger.v3.oas.annotations.media.Schema has been deprecated
[WARNING] /D:/Backend/waadTbaSystem2026-main_final/waadTbaSystem2026-main/backend/src/main/java/com/waad/tba/modules/provider/dto/ProviderClaimRequest.java:[134,71] required() in io.swagger.v3.oas.annotations.media.Schema has been deprecated
[WARNING] /D:/Backend/waadTbaSystem2026-main_final/waadTbaSystem2026-main/backend/src/main/java/com/waad/tba/modules/provider/dto/ProviderClaimRequest.java:[134,71] required() in io.swagger.v3.oas.annotations.media.Schema has been deprecated
[INFO] 100 warnings 
[INFO] -------------------------------------------------------------
[INFO] -------------------------------------------------------------
[ERROR] COMPILATION ERROR : 
[INFO] -------------------------------------------------------------
[ERROR] /D:/Backend/waadTbaSystem2026-main_final/waadTbaSystem2026-main/backend/src/main/java/com/waad/tba/modules/benefitpolicy/controller/BenefitRuleTemplateController.java:[43,33] incompatible types: inference variable T has incompatible bounds
    equality constraints: java.lang.Void
    lower bounds: java.lang.String
[ERROR] /D:/Backend/waadTbaSystem2026-main_final/waadTbaSystem2026-main/backend/src/main/java/com/waad/tba/modules/benefitpolicy/service/BenefitRuleTemplateService.java:[65,29] cannot find symbol
  symbol:   method benefitPolicyId(java.lang.Long)
  location: class com.waad.tba.modules.benefitpolicy.dto.BenefitPolicyRuleCreateDto.BenefitPolicyRuleCreateDtoBuilder
[ERROR] /D:/Backend/waadTbaSystem2026-main_final/waadTbaSystem2026-main/backend/src/main/java/com/waad/tba/modules/benefitpolicy/service/BenefitRuleTemplateService.java:[76,25] incompatible types: inference variable T has incompatible bounds
    equality constraints: com.waad.tba.modules.benefitpolicy.dto.BenefitPolicyRuleCreateDto
    lower bounds: java.lang.Object
[ERROR] /D:/Backend/waadTbaSystem2026-main_final/waadTbaSystem2026-main/backend/src/main/java/com/waad/tba/modules/benefitpolicy/service/CoverageSimulationService.java:[64,38] cannot find symbol
  symbol:   method getAmountLimit()
  location: variable rule of type com.waad.tba.modules.benefitpolicy.entity.BenefitPolicyRule
[ERROR] /D:/Backend/waadTbaSystem2026-main_final/waadTbaSystem2026-main/backend/src/main/java/com/waad/tba/modules/provider/service/ProviderClaimsService.java:[239,17] cannot find symbol
  symbol:   method getAmountLimit()
  location: variable rule of type com.waad.tba.modules.benefitpolicy.entity.BenefitPolicyRule
[ERROR] /D:/Backend/waadTbaSystem2026-main_final/waadTbaSystem2026-main/backend/src/main/java/com/waad/tba/modules/provider/service/ProviderClaimsService.java:[239,74] cannot find symbol
  symbol:   method getAmountLimit()
  location: variable rule of type com.waad.tba.modules.benefitpolicy.entity.BenefitPolicyRule
[ERROR] /D:/Backend/waadTbaSystem2026-main_final/waadTbaSystem2026-main/backend/src/main/java/com/waad/tba/modules/provider/service/ProviderClaimsService.java:[242,36] cannot find symbol
  symbol:   method getAmountLimit()
  location: variable rule of type com.waad.tba.modules.benefitpolicy.entity.BenefitPolicyRule
[ERROR] /D:/Backend/waadTbaSystem2026-main_final/waadTbaSystem2026-main/backend/src/main/java/com/waad/tba/modules/provider/service/ProviderClaimsService.java:[276,30] cannot find symbol
  symbol:   method getAmountLimit()
  location: variable rule of type com.waad.tba.modules.benefitpolicy.entity.BenefitPolicyRule
[ERROR] /D:/Backend/waadTbaSystem2026-main_final/waadTbaSystem2026-main/backend/src/main/java/com/waad/tba/modules/provider/service/ProviderClaimsService.java:[284,35] cannot find symbol
  symbol:   method getAmountLimit()
  location: variable rule of type com.waad.tba.modules.benefitpolicy.entity.BenefitPolicyRule
[INFO] 9 errors 
[INFO] -------------------------------------------------------------
[INFO] ------------------------------------------------------------------------
[INFO] BUILD FAILURE
[INFO] ------------------------------------------------------------------------
[INFO] Total time:  14.724 s
[INFO] Finished at: 2026-02-18T15:42:05+02:00
[INFO] ------------------------------------------------------------------------
[ERROR] Failed to execute goal org.apache.maven.plugins:maven-compiler-plugin:3.13.0:compile (default-compile) on project tba-backend: Compilation failure: Compilation failure: 
[ERROR] /D:/Backend/waadTbaSystem2026-main_final/waadTbaSystem2026-main/backend/src/main/java/com/waad/tba/modules/benefitpolicy/controller/BenefitRuleTemplateController.java:[43,33] incompatible types: inference variable T has incompatible bounds
[ERROR]     equality constraints: java.lang.Void
[ERROR]     lower bounds: java.lang.String
[ERROR] /D:/Backend/waadTbaSystem2026-main_final/waadTbaSystem2026-main/backend/src/main/java/com/waad/tba/modules/benefitpolicy/service/BenefitRuleTemplateService.java:[65,29] cannot find symbol
[ERROR]   symbol:   method benefitPolicyId(java.lang.Long)
[ERROR]   location: class com.waad.tba.modules.benefitpolicy.dto.BenefitPolicyRuleCreateDto.BenefitPolicyRuleCreateDtoBuilder
[ERROR] /D:/Backend/waadTbaSystem2026-main_final/waadTbaSystem2026-main/backend/src/main/java/com/waad/tba/modules/benefitpolicy/service/BenefitRuleTemplateService.java:[76,25] incompatible types: inference variable T has incompatible bounds
[ERROR]     equality constraints: com.waad.tba.modules.benefitpolicy.dto.BenefitPolicyRuleCreateDto
[ERROR]     lower bounds: java.lang.Object
[ERROR] /D:/Backend/waadTbaSystem2026-main_final/waadTbaSystem2026-main/backend/src/main/java/com/waad/tba/modules/benefitpolicy/service/CoverageSimulationService.java:[64,38] cannot find symbol
[ERROR]   symbol:   method getAmountLimit()
[ERROR]   location: variable rule of type com.waad.tba.modules.benefitpolicy.entity.BenefitPolicyRule
[ERROR] /D:/Backend/waadTbaSystem2026-main_final/waadTbaSystem2026-main/backend/src/main/java/com/waad/tba/modules/provider/service/ProviderClaimsService.java:[239,17] cannot find symbol
[ERROR]   symbol:   method getAmountLimit()
[ERROR]   location: variable rule of type com.waad.tba.modules.benefitpolicy.entity.BenefitPolicyRule
[ERROR] /D:/Backend/waadTbaSystem2026-main_final/waadTbaSystem2026-main/backend/src/main/java/com/waad/tba/modules/provider/service/ProviderClaimsService.java:[239,74] cannot find symbol
[ERROR]   symbol:   method getAmountLimit()
[ERROR]   location: variable rule of type com.waad.tba.modules.benefitpolicy.entity.BenefitPolicyRule
[ERROR] /D:/Backend/waadTbaSystem2026-main_final/waadTbaSystem2026-main/backend/src/main/java/com/waad/tba/modules/provider/service/ProviderClaimsService.java:[242,36] cannot find symbol
[ERROR]   symbol:   method getAmountLimit()
[ERROR]   location: variable rule of type com.waad.tba.modules.benefitpolicy.entity.BenefitPolicyRule
[ERROR] /D:/Backend/waadTbaSystem2026-main_final/waadTbaSystem2026-main/backend/src/main/java/com/waad/tba/modules/provider/service/ProviderClaimsService.java:[276,30] cannot find symbol
[ERROR]   symbol:   method getAmountLimit()
[ERROR]   location: variable rule of type com.waad.tba.modules.benefitpolicy.entity.BenefitPolicyRule
[ERROR] /D:/Backend/waadTbaSystem2026-main_final/waadTbaSystem2026-main/backend/src/main/java/com/waad/tba/modules/provider/service/ProviderClaimsService.java:[284,35] cannot find symbol
[ERROR]   symbol:   method getAmountLimit()
[ERROR]   location: variable rule of type com.waad.tba.modules.benefitpolicy.entity.BenefitPolicyRule
[ERROR] -> [Help 1]
[ERROR] 
[ERROR] To see the full stack trace of the errors, re-run Maven with the '-e' switch
[ERROR] Re-run Maven using the '-X' switch to enable verbose output
[ERROR] 
[ERROR] For more information about the errors and possible solutions, please read the following articles:
[ERROR] [Help 1] http://cwiki.apache.org/confluence/display/MAVEN/CompilationFailureException
